document @1:1-4:8
  paragraph @1:1-1:18
    text "see " @1:1-1:5
    footnote_reference "1" @1:5-1:9
    text " and " @1:9-1:14
    footnote_reference "2" @1:14-1:18
  footnote_definition "a" @4:1-4:8
    paragraph @4:7-4:8
      text "A" @4:7-4:8
  footnote_definition "b" @3:1-3:8
    paragraph @3:7-3:8
      text "B" @3:7-3:8
