Document @1:1-7:8
└─ OrderedList @1:1-7:8
   └─ ListItem @1:1-7:8
      ├─ Paragraph @1:4-2:6
      │  ├─ Text @1:4-1:5 "["
      │  ├─ SoftBreak
      │  └─ Text @2:4-2:9 "+2. b"
      └─ OrderedList @4:4-7:8 startIndex: 2
         ├─ ListItem @4:4-6:1
         │  └─ Paragraph @4:8-5:6
         │     ├─ Text @4:8-4:9 "["
         │     ├─ SoftBreak
         │     └─ Text @5:8-5:13 "+2. b"
         └─ ListItem @7:4-7:8
            └─ Paragraph @7:7-7:8
               └─ Text @7:7-7:8 "c"