Document @1:1-5:9
├─ OrderedList @1:1-2:1 startIndex: 10
│  └─ ListItem @1:1-2:1
│     └─ Paragraph @1:5-1:8
│        └─ Text @1:5-1:8 "fo`"
├─ Paragraph @3:2-4:6
│  ├─ InlineCode @3:2-4:2 ` `
│  └─ Text @4:3-4:6 "h`o"
└─ UnorderedList @5:4-5:9
   └─ ListItem @5:4-5:9
      └─ Paragraph @5:6-5:9
         └─ Text @5:6-5:9 "bar"