Document @1:1-3:7
├─ UnorderedList @1:1-1:13
│  └─ ListItem @1:1-1:13
│     └─ UnorderedList @1:3-1:13
│        └─ ListItem @1:3-1:13
│           └─ UnorderedList @1:5-1:13
│              └─ ListItem @1:5-1:13
│                 └─ CodeBlock @1:7-2:7 language: n~~

├─ Paragraph @2:1-2:7
│  └─ Text @2:1 "aaHa ~"
└─ CodeBlock @3:1-3:7 language: ~~
