Document @1:1-45:90
├─ Heading @1:1-1:9 level: 1
│  └─ Text @1:3-1:9 "Header"
├─ Paragraph @3:1-3:65
│  ├─ Emphasis @3:1-3:13
│  │  └─ Text @3:2-3:12 "Emphasized"
│  ├─ Text @3:13-3:14 " "
│  ├─ Strong @3:14-3:24
│  │  └─ Text @3:16-3:22 "strong"
│  ├─ Text @3:24-3:25 " "
│  ├─ InlineCode @3:25-3:38 `inline code`
│  ├─ Text @3:38-3:39 " "
│  ├─ Link @3:39-3:50 destination: "foo"
│  │  └─ Text @3:40-3:44 "link"
│  ├─ Text @3:50-3:51 " "
│  ├─ Image @3:51-3:64 source: "foo"
│  │  └─ Text @3:53-3:58 "image"
│  └─ Text @3:64-3:65 "."
├─ UnorderedList @5:1-9:1
│  ├─ ListItem @5:1-5:7
│  │  └─ Paragraph @5:3-5:7
│  │     └─ Text @5:3-5:7 "this"
│  ├─ ListItem @6:1-6:5
│  │  └─ Paragraph @6:3-6:5
│  │     └─ Text @6:3-6:5 "is"
│  ├─ ListItem @7:1-7:4
│  │  └─ Paragraph @7:3-7:4
│  │     └─ Text @7:3-7:4 "a"
│  └─ ListItem @8:1-9:1
│     └─ Paragraph @8:3-8:7
│        └─ Text @8:3-8:7 "list"
├─ OrderedList @10:1-12:1
│  ├─ ListItem @10:1-10:8
│  │  └─ Paragraph @10:4-10:8
│  │     └─ Text @10:4-10:8 "eggs"
│  └─ ListItem @11:1-12:1
│     └─ Paragraph @11:4-11:8
│        └─ Text @11:4-11:8 "milk"
├─ BlockQuote @13:1-13:13
│  └─ Paragraph @13:3-13:13
│     └─ Text @13:3-13:13 "BlockQuote"
├─ OrderedList @15:1-17:1 startIndex: 2
│  ├─ ListItem @15:1-15:9
│  │  └─ Paragraph @15:4-15:9
│  │     └─ Text @15:4-15:9 "flour"
│  └─ ListItem @16:1-17:1
│     └─ Paragraph @16:4-16:9
│        └─ Text @16:4-16:9 "sugar"
├─ UnorderedList @18:1-20:2
│  ├─ ListItem @18:1-18:37 checkbox: [x]
│  │  └─ Paragraph @18:7-18:37
│  │     └─ Text @18:7-18:37 "Combine flour and baking soda."
│  └─ ListItem @19:1-20:2 checkbox: [ ]
│     └─ Paragraph @19:7-20:2
│        ├─ Text @19:7-19:23 "Comb   let x = 1"
│        ├─ SoftBreak
│        └─ Text @20:7-20:8 "}"
└─ CodeBlock @21:1-45:90 language: none
       // Is this real code? Or just fantasy?
   This is an <topic://autolink>.
   ---
   <a href="foo.png">
   An HTML Block.
   </a>
   Ohos is some <p>inline html</p>.
   line  
   break
   soo
   -------------------------
   Foo
   =oft
   break
   <!-- Copyright (c) 2021 Apple Inc and the Swift Project authors. All Rights Reserved. -->